---
source: crates/model-catalog/src/render.rs
expression: value
---
apiVersion: serving.kserve.io/v1beta1
kind: InferenceService
metadata:
  annotations:
    homelab.saavylab.dev/model-id: Qwen/Qwen3-8B
    homelab.saavylab.dev/plan-digest: 93ba5761468f34229774e73bb4bcabb8ec39d55df35890a000ec4b66645cf915
  labels:
    app.kubernetes.io/managed-by: homelab-mcp
    homelab.saavylab.dev/recipe-id: qwen3-8b
  name: qwen3-8b
  namespace: ai
spec:
  predictor:
    containers:
      - args:
          - "--model=/mnt/nas/models/Qwen/Qwen3-8B"
          - "--served-model-name=qwen3-8b"
          - "--host=0.0.0.0"
          - "--port=8080"
          - "--trust-remote-code"
        command:
          - python3
          - "-m"
          - vllm.entrypoints.openai.api_server
        env:
          - name: HF_HUB_OFFLINE
            value: "1"
          - name: TRANSFORMERS_OFFLINE
            value: "1"
        image: "vllm/vllm-openai:latest"
        name: kserve-container
        resources:
          limits:
            cpu: "2"
            memory: 16Gi
            nvidia.com/gpu: "1"
          requests:
            cpu: "2"
            memory: 16Gi
            nvidia.com/gpu: "1"
        volumeMounts:
          - mountPath: /mnt/nas/models
            name: nas-models
            readOnly: true
    maxReplicas: 1
    minReplicas: 1
    nodeSelector:
      nvidia.com/gpu.product: NVIDIA-GB10
    tolerations:
      - effect: NoSchedule
        key: nvidia.com/gpu
        operator: Exists
      - effect: NoExecute
        key: nvidia.com/gpu
        operator: Exists
    volumes:
      - hostPath:
          path: /mnt/nas/models
          type: Directory
        name: nas-models
